1. == IS BYTES, AND THE TYPE SAYS SO
------------------------------------------------------------------------
          chars bytes   code points
      A       6     8   0072 00E9 0073 0075 006D 00E9
      B       7     9   0072 00E9 0073 0075 006D 0065 0301
      C       7     9   0072 0065 0301 0073 0075 006D 00E9
      D       8    10   0072 0065 0301 0073 0075 006D 0065 0301

      distinct values   4

   str::len() is the BYTE count and has never pretended otherwise,
   so the number Python makes you ask for is the one Rust gives you
   by default. Neither language merges the four.

2. THE SAME SIXTEEN PAIRS, AND EVERYTHING std CAN DO TO THEM
------------------------------------------------------------------------
      left                 right                    ==  lower  upper asciieq   what it is
      "café"               "cafe\u{301}"             -      -      -       -   composed against decomposed
      "Å"                  "Å"                       -      =      -       -   ANGSTROM SIGN against A WITH RING
      "Ω"                  "Ω"                       -      =      -       -   OHM SIGN against GREEK CAPITAL OMEGA
      "q\u{307}\u{323}"    "q\u{323}\u{307}"         -      -      -       -   two marks, in two orders
      "ﬁle"                "file"                    -      -      =       -   the fi ligature
      "½"                  "1⁄2"                     -      -      -       -   a vulgar fraction
      "10²"                "102"                     -      -      -       -   a superscript two
      "ＡＢ"                 "AB"                      -      -      -       -   fullwidth forms
      "Ⅸ"                  "IX"                      -      -      -       -   a Roman numeral
      "straße"             "STRASSE"                 -      -      =       -   the German sharp s
      "Σ"                  "ς"                       -      -      =       -   Greek final sigma
      "K"                  "k"                       -      =      -       -   KELVIN SIGN against the letter k
      "I"                  "ı"                       -      -      =       -   Turkish dotless i
      "a"                  "а"                       -      -      -       -   Cyrillic a
      "admin"              "ad\u{200b}min"           -      -      -       -   a zero-width space
      "admin"              "ad\u{ad}min"             -      -      -       -   a soft hyphen
                           merged, of 16             0      3      4       0

   No column reaches more than four; between them they reach 7 of
   the sixteen. Nothing std has touches the first row or the fourth:
   composing and mark ordering are normalization, std has no
   normalize(), and no amount of case conversion is going to help.
   The four compatibility rows -- fraction, superscript, fullwidth,
   numeral -- are out of reach for the same reason.

   The rows it does get are split across the two case directions,
   and no single direction gets them all:

      "Å"          "Å"          lower true   upper false  ANGSTROM SIGN against A WITH RING
      "straße"     "STRASSE"    lower false  upper true   the German sharp s
      "K"          "k"          lower true   upper false  KELVIN SIGN against the letter k
      "I"          "ı"          lower false  upper true   Turkish dotless i

   The sharp s merges going UP, because uppercasing it produces
   two letters. The KELVIN SIGN merges going DOWN, because its
   lowercase is an ordinary k. Fold the other way in either case
   and they stay apart. So neither direction of case conversion is
   a comparison, and that is what a case FOLD is for: one operation
   that catches both, defined so it need not produce a string
   anyone would write. Python spells it casefold(). Rust's std has
   no spelling for it at all.

   And the fourth row above is the reason to want the fold rather
   than a direction. Uppercasing merges Turkish dotless i onto
   ASCII I -- Unicode's default mapping, and nothing to do with a
   Turkish locale -- so a program comparing by to_uppercase() has
   just decided that two different letters are one. Python's
   casefold() keeps them apart. Comparing by uppercasing does not
   merge FEWER pairs than a fold; it merges the WRONG ones.

3. char::to_lowercase RETURNS AN ITERATOR, WHICH IS THE HONEST TYPE
------------------------------------------------------------------------
   One character can case-map to several, so the return type cannot
   be char. Rust makes you collect it; Python hides the same fact
   behind a str that is quietly longer than the one you passed in.

      char       upper      n(up)  lower        n(lo)  code points of lower
      'ß'        "SS"       2      "ß"          1      00DF
      'ﬁ'        "FI"       2      "ﬁ"          1      FB01
      'İ'        "İ"        1      "i\u{307}"   2      0069 0307
      'ẞ'        "ẞ"        1      "ß"          1      00DF
      'ǈ'        "Ǉ"        1      "ǉ"          1      01C9

   Both n columns reach 2, in different rows: the sharp s and the
   ligature grow going up, and LATIN CAPITAL LETTER I WITH DOT
   ABOVE grows going down. A program that wrote c.to_uppercase()
   and expected a char would not compile, which is the whole
   difference between the two languages here -- Python returns a
   str either way and lets you find out at the column width.

4. str::to_lowercase IS NOT A MAP OVER chars
------------------------------------------------------------------------
   The Greek final sigma is decided by POSITION, so the str method
   has to look at neighbours -- and it does, where the per-char one
   cannot:

      input                "ΣΣ"         03A3 03A3
      str::to_lowercase    "σς"         03C3 03C2
      char by char         "σσ"         03C3 03C3
      same?                false

   Two capital sigmas lowercase to a medial sigma and a FINAL one,
   because the second ends the word. Doing it a character at a time
   gives two medial sigmas and a Greek reader a typo. So even the
   case operation std does keep is not a per-character table, and
   the convenient-looking .chars().flat_map(...) is the wrong loop.

5. THE SAME FOURTEEN INVISIBLES, AND WHERE THE TWO LANGUAGES PART
------------------------------------------------------------------------
   char::is_whitespace() IS Unicode's White_Space property, and
   trim() is defined in terms of it. The Python section above asks
   str.isspace() and str.strip() over these same fourteen.

      code point   is_whitespace    trimmed    name
      U+0020       true             yes        SPACE
      U+00A0       true             yes        NO-BREAK SPACE
      U+3000       true             yes        IDEOGRAPHIC SPACE
      U+2007       true             yes        FIGURE SPACE
      U+200B       false            NO         ZERO WIDTH SPACE
      U+200C       false            NO         ZERO WIDTH NON-JOINER
      U+200D       false            NO         ZERO WIDTH JOINER
      U+00AD       false            NO         SOFT HYPHEN
      U+2060       false            NO         WORD JOINER
      U+FEFF       false            NO         ZERO WIDTH NO-BREAK SPACE
      U+001C       false            NO         FILE SEPARATOR (FS)
      U+001D       false            NO         GROUP SEPARATOR (GS)
      U+001E       false            NO         RECORD SEPARATOR (RS)
      U+001F       false            NO         UNIT SEPARATOR (US)

   The first ten rows agree with Python's, value for value. The
   last four do not: Python calls all four whitespace and strips
   them, and Rust calls none of them whitespace and keeps them.

   Neither is wrong, and the reason is worth having. Rust asks
   Unicode, which does not give White_Space to any C0 control in
   that block; Python carries a table of its own that predates the
   property and has to stay compatible with itself. So "trim the
   whitespace" is not one operation across two languages, and the
   four characters it disagrees about are the ASCII separators --
   reached for as delimiters precisely BECAUSE they are not text.
   A record separator that survives a Rust trim and vanishes in a
   Python one is a framing bug that only shows up at the seam.

6. THE ONE ROW RUST CANNOT EVEN HOLD
------------------------------------------------------------------------
   The corpus ends with a lone surrogate, which Python puts in a
   str quite happily and refuses only at the encoder. Rust refuses
   it at the type:

      char::from_u32(0xD7FF)       is_some true   the code point just below the surrogates
      char::from_u32(0xD800)       is_some false  the first surrogate
      char::from_u32(0xDFFF)       is_some false  the last surrogate
      char::from_u32(0xE000)       is_some true   the code point just above them
      char::from_u32(0x10FFFF)     is_some true   the highest code point there is
      char::from_u32(0x110000)     is_some false  one past the end

      str::from_utf8(ED A0 80)   Err, valid_up_to 0, error_len Some(1)

   A char is a Unicode SCALAR VALUE, which is a code point that is
   not a surrogate -- so the literal '\u{D800}' is not a value this
   program could contain even if it wanted to; it is a compile
   error, which is why the bytes are built by hand above.

   That is the sharpest difference on the page. Python's str holds
   the whole code point range and fails at the boundary; Rust's
   types hold the encodable subset and fail at construction. Both
   are defensible, and a corpus has to know which it is testing:
   in Python the lone surrogate is a value your code can carry to
   the edge of the system, and in Rust it is three bytes that will
   never become a String at all.

7. THE CORPUS, AS RUST ESCAPES YOU CAN PASTE
------------------------------------------------------------------------
      let nfc_nfd          = "cafe\u{301}";
      let mark_order       = "q\u{323}\u{307}";
      let singleton        = "\u{212b}";
      let ligature         = "\u{fb01}le";
      let superscript      = "10\u{b2}";
      let fullwidth        = "\u{ff21}\u{ff22}";
      let sharp_s          = "stra\u{df}e";
      let final_sigma      = "\u{3c2}";
      let kelvin           = "\u{212a}";
      let dotless_i        = "\u{131}";
      let dotted_i         = "\u{130}";
      let confusable       = "\u{430}";
      let zero_width       = "ad\u{200b}min";
      let soft_hyphen      = "ad\u{ad}min";
      let nbsp             = "a\u{a0}b";
      let bom_inside       = "a\u{feff}b";
      let compat_han       = "\u{fa10}";
      let expanding        = "\u{337f}";

   18 of the 19. The nineteenth, the lone surrogate, has no line here
   for the reason section 6 gives -- it cannot be written as a Rust
   literal, so a corpus in this language carries it as bytes or not
   at all.

8. WHAT IS MISSING IS A LINE, NOT A GAP
------------------------------------------------------------------------
   std has no normalize() and no casefold(), and it is worth being
   clear that this is a decision rather than an omission.

   std does ship Unicode data: the tables behind a char's own
   properties and its case mappings, which is why is_whitespace()
   and to_lowercase() work on every script -- and those tables
   carry a version, the thing this library keeps out of answer
   keys. What std stops short of is the algorithms that look past
   one char, and the larger data they need: normalization,
   segmentation, locales.

   So the line is what a char can answer about itself, plus the
   one context rule above. Everything past that is a crate:
   unicode-normalization for the four forms, caseless or icu for a
   fold. The corpus does not get easier in Rust; it gets explicit.
