1. b"caf\xe9" is Latin-1; decode it
   bytes.iter().map(|&b| b as char).collect() -> "café"
   YES, std, one line -- because Latin-1 is the first 256 code points.

2. The same four bytes are windows-1250; decode them
   the same line gives "café", and it is right only because e9 is é in both tables.
   on b"\xbf" it gives "¿"; windows-1250 says ż
   NO -- a 128-entry table you do not have. encoding_rs.

3. Count what a user sees in the family emoji
   len() 25   chars().count() 7   encode_utf16().count() 11   a user sees 1
   NO -- three rulers, and none of them is that one. unicode-segmentation.

4. Is "café" the same word as "cafe" + U+0301?
   == -> false
   NO -- std has no normalization. unicode-normalization, or icu.

5. Find the first byte of a file that is not UTF-8
   from_utf8(b).unwrap_err().valid_up_to() -> 3
   YES, std -- and it is the same number simdutf8::compat reports, byte for byte.

6. Sort ["łódź", "lód", "zebra"] the way a Polish dictionary does
   sort() -> ["lód", "zebra", "łódź"]
   NO -- code point order puts ł after z. icu::collator with locale pl: lód, łódź, zebra.

Score: 2 of 6 std finishes, 4 need a crate -- and both YES rows are the ones
where the answer is arithmetic on bytes rather than a table.
