THE FILE: 4 characters, 5 bytes
   café   636166c3a90a

IN THE C LOCALE
   awk length($0)          5
   awk gsub(/./,"X")       5
   Five and five. A character is a byte here, so both halves of awk agree
   -- and the answer they agree on is the BYTE count, not the four
   characters a person would count.

THERE ARE THREE awks, AND YOU HAVE ONE OF THEM
   BWK awk (the one true awk)  the default on macOS and the BSDs
   mawk                        the default /usr/bin/awk on Debian/Ubuntu
   gawk                        GNU awk, the default on Fedora, and
                               installable everywhere
   They are different programs by different authors with different
   Unicode support, and none of them is 'awk' in a portable sense. Ask:
       awk --version    (or awk -W version for older mawk)

WHAT SEPARATES THEM IS THE UTF-8 LOCALE, NOT THE C ONE
   Measured 2026-09-07: in the C locale all three count bytes in both
   length() and the regex engine, so all three agree with each other and
   with themselves. Put a UTF-8 locale in front of them and the
   guarantees come apart -- some versions of BWK awk count BYTES in
   length() while the regex engine matches CHARACTERS, so length(awk_kata_sh.sh) and
   gsub(/./,"X") disagree about one string in one run of one program.

THE PRACTICAL RULE
   If an awk script measures or slices text, pin the locale and say which
   awk it needs -- or move the job to a tool with one implementation.
   substr() and length() are the two functions to distrust; field
   splitting on a delimiter is safe, because a delimiter is a byte
   sequence and every awk finds it the same way.
   awk -F" " "{print \$1}"  -> café
