1. THE FILE: three bytes, and nothing on this page will change them

$ xxd three.bin
00000000: 2f75 05                                  /u.
   2f 75 05. That is the whole file. Ask what NUMBER it is and there are two
   answers, because a file records bytes and never records which end is the
   big one:
      0x2f7505 = 3110149   most significant byte first  (big-endian)
      0x05752f =  357679   least significant byte first (little-endian)
   Neither is a misreading. The question did not exist until you asked for a
   number, and the file does not answer it.

2. FOUR BYTES THROUGH SIX TOOLS -- same file every time
   (a fourth byte 00, so a 32-bit reading is a whole group; every dump here
   goes through squeeze, so the six are comparable and so the two xxd builds
   agree -- they pad a short line's trailing space differently)

$ xxd four.bin | squeeze
00000000: 2f75 0500 /u..

$ xxd -e -g 4 four.bin | squeeze
00000000: 0005752f /u..

$ od -An -tx1 four.bin | squeeze
2f 75 05 00

$ od -An -x four.bin | squeeze
752f 0005

$ hexdump four.bin | squeeze
0000000 752f 0005
0000004

$ hexdump -C four.bin | squeeze
00000000 2f 75 05 00 |/u..|
00000004

3. READ THAT COLUMN AGAIN
      xxd            2f75 0500     the file
      xxd -e -g 4    0005752f      ONE 32-bit little-endian number
      od -An -tx1    2f 75 05 00   the file
      od -An -x      752f 0005     TWO 16-bit numbers, this CPU's order
      hexdump        752f 0005     the same, and it is the DEFAULT
      hexdump -C     2f 75 05 00   the file

   Three of the six printed the file. Three printed numbers -- and 0005752f
   is 0x05752f, the little-endian reading from section 1, with the leading
   zero byte still on it. The setting a hex editor puts in its status bar is
   the same setting; on the command line it is a flag you may not know you
   set, and on a bare hexdump it is one you never chose at all.

4. SO WHICH DUMP IS THE FILE?
   The ones that never group into a number: xxd, od -tx1, hexdump -C.
   Those three print the same bytes on every machine ever built. The other
   three print a picture of this CPU's opinion, and on a big-endian machine
   the same three commands would print something else.
