input      NFKC       +casefold    code points
ﬁle        file       file         FB01 006C 0065
file       file       file         0066 0069 006C 0065
ADMIN      ADMIN      admin        0041 0044 004D 0049 004E
admin      admin      admin        0061 0064 006D 0069 006E
ａdmin      admin      admin        FF41 0064 006D 0069 006E
Ⓐdmin      Admin      admin        24B6 0064 006D 0069 006E

   COLLIDE -> 'file': ['ﬁle', 'file']
   COLLIDE -> 'admin': ['ADMIN', 'admin', 'ａdmin', 'Ⓐdmin']

Four of the six become 'admin'. That is NFKC doing exactly its job: the
ligature, the full-width letter and the circled letter are COMPATIBILITY
spellings, and the whole point of the K forms is to fold them together.

Whether that is right depends entirely on what the string is for.
  * A username -- yes. Two people must not be able to register names
    that no human can tell apart, so you fold, and you store the folded
    form as the key.
  * A password -- no. Folding shrinks the keyspace, and NFKC maps many
    characters to fewer, so it hands an attacker collisions for free.
  * A display name -- no, and this is the one that gets broken by
    accident: normalize in place and you have edited what somebody
    wrote. Fold to COMPARE, store what they typed.

And the step order is not decoration. casefold-then-NFKC and
NFKC-then-casefold can differ, which is why the specs pin the order:
   'ﬁ'    NFKC->casefold 'fi'       casefold->NFKC 'fi'       same
   'İ'    NFKC->casefold 'i̇'       casefold->NFKC 'i̇'       same
