1. ONE CODEC, MANY SPELLINGS -- lookup() NORMALISES BEFORE IT SEARCHES
   codecs.lookup('utf-8'  ).name -> 'utf-8'
   codecs.lookup('utf8'   ).name -> 'utf-8'
   codecs.lookup('utf_8'  ).name -> 'utf-8'
   codecs.lookup('UTF-8'  ).name -> 'utf-8'
   codecs.lookup('U8'     ).name -> 'utf-8'
   codecs.lookup('utf 8'  ).name -> 'utf-8'

   Six spellings, one codec.  Punctuation and case are folded away, so
   a name absent from the documented table may still be a live alias.

2. NAMES THE TUTORIALS DO NOT PRINT, ASKED DIRECTLY
   latin1      -> iso8859-1
   l1          -> iso8859-1
   cp819       -> iso8859-1
   iso8859-1   -> iso8859-1
   utf-8-sig   -> utf-8-sig
   punycode    -> punycode
   idna        -> idna
   undefined   -> undefined
   mbcs        -> LookupError: unknown encoding
   cp65001     -> utf-8
   utf-9       -> LookupError: unknown encoding

   'l1' and 'cp819' are Latin-1 under names no page here has ever used.
   'mbcs' is real, and Windows-only -- a documented codec that is a
   LookupError on this machine.  So the answer is a fact about the
   interpreter you are running, not about the language.

3. THE PROBE, AS A FUNCTION YOU CAN KEEP
   asked for 12 names
   present:  utf-8, shift_jis, koi8-r, cp1250, big5, euc-kr, utf-7, iso2022_jp, tis-620, kz1048
   absent:   utf-2, ebcdic

   Three lines, and no documentation was consulted.  Write the same
   probe for any tool: try the flag, read the exit status, and believe
   the machine over the page -- in both directions.
