1. THE ESCAPES A LITERAL ACCEPTS
   "tab\there\nnew line\r\ncrlf\0nul\u{1b}ESC"
   31 bytes, 31 chars — the escapes are single bytes once compiled
   (Rust has no \a \b \f \v: write \x07 \x08 \x0C \x0B)

2. TWO QUESTIONS, TWO METHODS
   '\t'       U+0009  is_ascii_control=true  is_control=true
   '\n'       U+000A  is_ascii_control=true  is_control=true
   '\r'       U+000D  is_ascii_control=true  is_control=true
   '\0'       U+0000  is_ascii_control=true  is_control=true
   '\u{1b}'   U+001B  is_ascii_control=true  is_control=true
   '\u{7f}'   U+007F  is_ascii_control=true  is_control=true
   'A'        U+0041  is_ascii_control=false is_control=false
   '\u{85}'   U+0085  is_ascii_control=false is_control=true
   '\u{2028}' U+2028  is_ascii_control=false is_control=false
   is_ascii_control is the 0..=31 + 127 table; is_control is Unicode's Cc category, which adds 0x80..=0x9F.

3. lines() SPLITS ON \n AND STRIPS A TRAILING \r — AND ON NOTHING ELSE
   "one\r\ntwo\nthree\rfour"
   lines() -> ["one", "two", "three\rfour"]
   (the lone \r in 'three\rfour' is not a line end to Rust)

4. THE CARET ARITHMETIC
   Ctrl-I  = 0x49 & 0x1F =  9 = '\t'
   Ctrl-J  = 0x4a & 0x1F = 10 = '\n'
   Ctrl-M  = 0x4d & 0x1F = 13 = '\r'
   Ctrl-[  = 0x5b & 0x1F = 27 = '\u{1b}'

5. NUL IS A CHARACTER TO RUST, TOO — UNTIL IT MEETS C
   "ab\0cd".len() = 5
   std::ffi::CString::new("ab\0cd") -> Err(NulError(2, [97, 98, 0, 99, 100]))
   Rust refuses to make a C string with an interior NUL, because C would silently truncate it.
