1. THE ONE THING tr CANNOT DO
$ cat two.txt
café naïve
$ xxd -p two.txt
636166c3a9206e61c3af76650a
$ tr -d "é" < two.txt | xxd -p          # the byte-set tool
636166206e61af76650a
$ sed "s/é//" < two.txt | xxd -p        # the pattern tool
636166206e61c3af76650a
   Same request, two results. tr was given the byte SET {c3, a9} and
   deleted both bytes wherever it met them, so it took the c3 out of the
   middle of ï and left an orphan af. sed was given the two-byte SEQUENCE
   c3 a9 and matched it as a unit, so naïve is untouched and both words
   are still valid UTF-8. That is the whole reason to reach for sed.
   Note this works even here, in the C locale, where sed has no idea what
   a character is: a pattern is a sequence of bytes and so is é.

2. BUT '.' IS STILL A BYTE IN THIS LOCALE
$ sed "s/./X/g" cafe.txt
XXXXX
   Four characters on screen, five X. The dot means one byte here. In a
   UTF-8 locale the same command prints four — both seds agree about that,
   so this one is the locale talking, not the implementation.

3. y/// IS tr INSIDE sed, AND IT INHERITS tr'S PROBLEM
$ sed "y/é/e/" cafe.txt
   (refused — exit 1)
   y transliterates character by character, which in this locale means
   byte by byte: 'é' is two bytes and 'e' is one, so the two sides are
   different lengths and sed will not guess. Both seds refuse; they word
   the complaint differently, which is why only the exit status is shown.
   The refusal is the good outcome — compare tr, which just did it.

4. THE CRLF REPAIR, WHICH IS THE COMMONEST REAL USE
$ cat -vet crlf.txt
dos^M$
unix$
$ sed "s/\r$//" crlf.txt | cat -vet
dos$
unix$
   ^M$ is a CRLF line and $ alone is an LF line. The pattern is anchored
   to the end on purpose: an unanchored s/\r// would also delete a CR
   sitting legitimately inside a quoted CSV field.

5. sed DOES NOT ADD A TRAILING NEWLINE
$ xxd -p nonl.txt
6e6f20747261696c696e67206e65776c696e65
$ sed "s/trailing/final/" nonl.txt | xxd -p
6e6f2066696e616c206e65776c696e65
   Neither dump ends in 0a. sed passed the missing newline through rather
   than tidying it up, and both seds agree. That matters because a lot of
   tools do not — and a file that gains a byte in a pipeline is a file
   whose checksum has changed.

6. THE TWO SPELLINGS OF EDIT-IN-PLACE
   BSD sed  : sed -i '' 's/x/y/' file      # the '' is a required argument
   GNU sed  : sed -i    's/x/y/' file      # and this FAILS on BSD
   portable : sed 's/x/y/' file > tmp && mv tmp file
   -i is the one sed flag with no portable spelling. On BSD the argument
   is the backup suffix and it is mandatory; on GNU it is optional and
   attached (-i.bak). A script that uses bare -i is a script that works
   on Linux and silently writes a file called 's/x/y/' on a Mac.
