1. TWO FILES THAT PRINT THE SAME AND DIFFER ON EVERY LINE
$ cat nfc.txt nfd.txt
café
café
$ xxd -p nfc.txt
636166c3a90a
$ xxd -p nfd.txt
63616665cc810a
$ diff nfc.txt nfd.txt
1c1
< café
---
> café
   exit=1
   Six bytes against seven. Both files hold the word café: one spells the
   é as one composed character (c3 a9), the other as an e followed by a
   combining acute (65 cc 81). diff has no opinion about that. A line is
   the bytes between the newlines, those two byte strings are not equal,
   so it reports a change — and prints both sides, which look identical,
   because your terminal draws both spellings the same way.

2. cmp NAMES THE BYTE, AND CALLS IT A char
$ cmp nfc.txt nfd.txt
nfc.txt nfd.txt differ: char 4, line 1
   exit=1
   Byte 4 is c3 in one file and 65 in the other. CHARACTER 4 is é in both.
   The word in that message is POSIX's and both cmps print it; it has
   meant byte since before the distinction mattered. Read it as an offset
   into the file, never as a position in the text.
$ cmp -l nfc.txt nfd.txt 2>/dev/null | sed 's/^ *//'
4 303 145
5 251 314
6  12 201
   -l lists every differing byte: the offset, then the two values in
   OCTAL (303 is 0xc3). The leading spaces are stripped because the two
   cmps pad that column to different widths — the page has the fence. The
   third row is the interesting one: byte 6 is the newline in one file and
   201 in the other, so the files differ in LENGTH as well as in content.
   No exit status is printed under a pipe anywhere on this page: a
   pipeline's status is the LAST command's, which here would be sed's.

3. THE OTHER PAIR THAT LOOKS IDENTICAL: CRLF AGAINST LF
$ diff dos.txt unix.txt >/dev/null
   exit=1
$ diff dos.txt unix.txt | cat -vet
1,2c1,2$
< one^M$
< two^M$
---$
> one$
> two$
   Every line changed, and raw on your screen not one of them looks
   changed: the byte that differs sits at the END of the line, where
   nothing draws it. That is why the diff is piped through cat -vet here
   — ^M$ is CR LF and $ alone is LF, so the left side of the change has
   one byte the right side does not. (It is also the only way to put this
   output on a page: a raw CR does not survive being recorded as an
   answer key, for the same reason it confuses everything else.)
$ diff --strip-trailing-cr dos.txt unix.txt
   exit=0
   Both diffs have that flag. It redefines the same for one run, which is
   the right answer when a Windows checkout meets a Unix one — and the
   wrong answer if you are trying to find out why the checksum changed.

4. diff DECIDES YOUR TEXT IS BINARY AND STOPS
$ diff a16.txt b16.txt
Binary files a16.txt and b16.txt differ
   exit=1
   Two UTF-16 files, one letter apart. Every other byte of UTF-16LE
   ASCII is 00, and a NUL is how diff decides a file is not text — so it
   declines to show you the line at all.
$ diff --text a16.txt b16.txt | cat -v
2c2
< ^@t^@w^@o^@
---
> ^@t^@w^@q^@
   --text overrides the guess, and cat -v makes the NULs visible as ^@.
   The line numbering is honest and useless at the same time: diff split
   the file at the 0a bytes, so its line 2 begins with the SECOND byte of
   the previous newline. A UTF-16 line break is 0a 00, and diff can only
   see the first half of it.
$ cmp a16.txt b16.txt
a16.txt b16.txt differ: char 13, line 2
   exit=1
   And cmp answers normally. The tool with no text model at all is the one
   still working on a file whose text model diff could not guess.

5. THE TWO FLAGS THAT LOOK LIKE THE FIX, AND ARE NOT
$ diff -i upper.txt nfc.txt
1c1
< CAFÉ
---
> café
   exit=1
$ LC_ALL=<a UTF-8 locale> diff -i upper.txt nfc.txt
   exit=1
   -i folds ASCII case. É and é are two bytes each, it does not touch
   them, and asking in a UTF-8 locale changes nothing — same status on
   both platforms. The locale name is not printed because it differs per
   machine and the answer does not.
$ diff -w nbsp.txt space.txt >/dev/null
   exit=1
$ diff -w nbsp.txt space.txt | cat -v
1c1
< aM-BM- b
---
> a b
   -w ignores whitespace, and whitespace means the ASCII space and tab. A
   NO-BREAK SPACE is c2 a0, an ordinary character to diff, so the line
   that looks like it has a space in it does not have one. Read the cat -v
   rendering carefully: M-B is c2 and M- is a0 — the space you can see in
   aM-BM- b belongs to a0's own spelling, not to the file.

6. THE THREE ANSWERS, AND THE ONE A SCRIPT SHOULD READ
$ diff nfc.txt nfc.txt
   exit=0
$ diff nfc.txt nfd.txt >/dev/null
   exit=1
$ diff nfc.txt no_such_file 2>/dev/null
   exit=2
   0 same, 1 differ, 2 trouble — the contract both tools keep, and the
   reason if diff a b; then is a bug: a missing file takes the same branch
   as a difference unless you test for 2.
$ cmp -s nfc.txt nfd.txt
   exit=1
   -s prints nothing and answers with the status, which is the portable
   spelling: the statuses are identical everywhere and the messages are
   not.

7. THE LAST BYTE, WHICH ONLY ONE OF THEM WILL TELL YOU ABOUT
$ diff nl.txt nonl.txt
1c1
< one
---
> one
\ No newline at end of file
   exit=1
   One file ends with 0a and the other stops. The two lines are otherwise
   identical, and diff has a notation for exactly this. cmp reports it as
   an early EOF, on stderr, in wording that is not the same on the two
   platforms — so a script cannot read that either. The portable question
   is the status, or tail -c 1 | xxd -p.
