TWO FILES THAT DRAW IDENTICALLY
   nfc.txt  636166c3a90a     café
   nfd.txt  63616665cc810a   café
   lengths: 6 and 7 bytes

FOUR QUESTIONS
   cmp -s              exit 1   same BYTES?           no
   diff                exit 1   same LINES as bytes?  no
   diff -i             exit 1   ASCII case folded -- irrelevant here
   diff -w             exit 1   whitespace ignored -- also irrelevant

   Every flag says different, and none of them is asking the question you
   meant. diff splits at 0a and compares the byte strings between; those
   two byte strings are not equal; there is no flag for 'same text,
   however spelled', because that needs a normalization POLICY that diff
   has no business choosing.

WHAT diff PRINTS, WHICH IS THE CONFUSING PART
   1c1
   < café
   ---
   > café
   Both sides look identical on your screen, because your terminal draws
   both spellings the same way. diff is not malfunctioning; it is
   reporting a difference the screen cannot show.

THE THREE EXIT STATUSES, AND THE BUG THEY CAUSE
   same file       exit 0
   files differ    exit 1
   missing file    exit 2
   0, 1, 2. So 'if diff a b; then ...' takes the SAME branch for 'they
   differ' and 'one of them does not exist', unless you test for 2.

THE FIX IS A DECODE, NOT A FLAG
   Normalize both sides first -- unicodedata.normalize in Python, uconv
   -x nfc from icu4c -- and then compare. Normalizing to COMPARE is fine;
   normalizing in place is an edit to somebody's data.
