input   b'cafe!'   5 bytes = 40 bits

scheme         bits/symbol output              len  growth
base16 (hex)             4 6361666521           10   2.00x
base32                   5 MNQWMZJB              8   1.60x
base64                   6 Y2FmZSE=              8   1.60x
base85                ~6.4 V_{}xAp               7   1.40x

The growth is forced, not chosen: 8 bits of input have to be carried by
symbols worth 4, 5 or 6 bits, so the ratios are 8/4, 8/5 and 8/6 --
2x, 1.6x and 1.333x. Nothing is compressed and nothing is encrypted;
the bits are re-cut into smaller pieces.

Read the base64 row again, though: 1.60x, not 1.333x. Those ratios are
what you get on a WHOLE number of groups, and 5 bytes is not one --
base64's group is 3 bytes, so 5 bytes is two groups with the second one
mostly empty, and the padding is charged to the length. The ratio
arrives as the input grows:
       3 bytes ->     4 characters   1.333x
       5 bytes ->     8 characters   1.600x
      30 bytes ->    40 characters   1.333x
     300 bytes ->   400 characters   1.333x
    3000 bytes ->  4000 characters   1.333x
   Only the multiples of 3 sit exactly on 4/3. Everything else pays for
   a partial group, and on a short field that overhead is most of the
   difference between the schemes.

THE PADDING IS ARITHMETIC TOO
   1 byte(s) =  8 bits -> Yw==     2 '=' character(s)
   2 byte(s) = 16 bits -> Y2E=     1 '=' character(s)
   3 byte(s) = 24 bits -> Y2Fm     0 '=' character(s)
   base64's unit is 3 bytes (24 bits = four 6-bit symbols). An input
   that is not a multiple of 3 leaves a partial group, and '=' says how
   many bytes the last group really carried. It is a length statement,
   not data -- which is why some formats drop it and pass the length
   along some other way.

AND NONE OF IT IS ABOUT TEXT
   base64 of raw bytes: AP+A
   The input was not text and there was no charset anywhere. Base64
   takes bits. If you hand it a string you must encode that string
   first, and THAT step is where the charset lives -- which is why
   'base64 encoded' is never a complete description of a field.
