1. A RUNE IS AN int32, AND THE TYPE CANNOT TELL THE DIFFERENCE
   var r rune = 0xD800        compiles, and %T says int32
   var n int32 = 'A'; r = n   compiles with no conversion; r is 65
   string(rune(65))           "A", not "65": a rune converts as a code point

        value   utf8.ValidRune  []byte(string(r))
           -1   false           ef bf bd
         0x41   true            41
         0xE9   true            c3 a9
       0xD800   false           ef bf bd
     0x10FFFF   true            f4 8f bf bf
     0x110000   false           ef bf bd
   All six compile, because each one is an int32. utf8.ValidRune is the
   check, and it runs only where somebody writes the call. string(r) never
   fails: for the three values it cannot encode it writes ef bf bd, which
   is U+FFFD, and reports nothing.

2. THE LOOP HANDS YOU BYTE OFFSETS
   s = "aé€😀"
   for i, r := range s        0:U+0061  1:U+00E9  3:U+20AC  6:U+1F600
   len(s)                     10   <- bytes
   utf8.RuneCountInString(s)  4    <- runes
   The index is the offset of each rune's first BYTE -- 0, 1, 3, 6 -- and
   len() counts bytes. A Go string is a run of bytes that is usually UTF-8,
   and nothing in the type promises that it is.

3. ONE U+FFFD PER BYTE -- OR PER RUN
   bytes         range  RuneCount  ToValidUTF8   what they are
   c3                1          1            1   é cut after 1 of its 2 bytes
   e2 82             2          2            1   € cut after 2 of its 3 bytes
   f0 9f 98          3          3            1   😀 cut after 3 of its 4 bytes
   ed a0 80          3          3            1   U+D800 in the shape of UTF-8
   f4 90 80 80       4          4            1   one past U+10FFFF, same shape
   range writes U+FFFD and moves on ONE byte, so a euro sign cut after two
   of its bytes is two broken runes -- and utf8.RuneCountInString counts
   them the same way. strings.ToValidUTF8 replaces each RUN of bad bytes
   with one replacement, so the touching mistakes of rows 4 and 5 become
   one. The Python and Rust programs on this page write one per maximal
   subpart instead -- 1, 1, 1, 3, 4 -- and the page has the rule that
   turns one count into the other.

4. A REAL U+FFFD AND A BROKEN BYTE, TOLD APART ONLY BY THE WIDTH
   DecodeRuneInString(ef bf bd)   r == RuneError: true    size 3   a genuine U+FFFD, correctly encoded
   DecodeRuneInString(f0 9f 98)   r == RuneError: true    size 1   the cut-short 😀 from section 3
   Both come back as RuneError, because a decoder that replaces has to hand
   you SOME rune. Only the size separates them: (RuneError, 1) is the one
   result that correct UTF-8 can never produce. A range loop hands you the
   index and the rune but not the size, so `r == utf8.RuneError` alone
   cannot tell a broken byte from a U+FFFD the text really contained.
