THE SIX CATEGORIES, AND WHAT EACH ONE DECIDES
   LC_CTYPE      what a CHARACTER is: case, class, the multibyte encoding
   LC_COLLATE    what ORDER strings sort in
   LC_NUMERIC    the decimal separator -- comma or point
   LC_TIME       date and time formatting, and the first day of the week
   LC_MONETARY   the currency symbol and where it goes
   LC_MESSAGES   the language of a program's own output

   They are INDEPENDENT. LANG sets a default for all six, LC_ALL
   overrides all six, and any single one can be set on its own -- so a
   session sorting in Polish while formatting numbers in English is a
   normal configuration, not a broken one.
   Python's list, straight from the module: ['LC_ALL', 'LC_COLLATE', 'LC_CTYPE', 'LC_MESSAGES', 'LC_MONETARY', 'LC_NUMERIC', 'LC_TIME']

WHY LC_CTYPE IS THE ONE THIS LIBRARY CARES ABOUT
   It decides what a tool means by 'a character', which decides:
     * whether grep's . matches one byte or one character
     * whether tr, cut -c and wc -m count bytes or characters
     * whether a tool refuses an invalid sequence or skips the line
   In the C locale a character IS a byte, which is why LC_ALL=C is the
   escape hatch for searching -- and why it is the wrong answer for
   anything that REARRANGES text, such as rev.

AND PYTHON, SINCE 3.7, DOES NOT ASK
   sys.getdefaultencoding()      'utf-8'   always, everywhere
   str is code points and never bytes, so LC_CTYPE cannot change what a
   character means inside the language. What the locale COULD still
   affect is the boundary -- the default encoding for open() and for
   stdio -- and PEP 538/540 made even that predictable: UTF-8 mode, on
   by default in a POSIX locale since 3.7, so a container with no
   locales behaves like a workstation with all of them.

   The practical consequence is worth stating plainly. A pipeline of
   shell tools changes behaviour when LC_ALL changes; the Python script
   in the middle of that pipeline does not. If the two disagree about
   how many characters a line has, they are not both misconfigured --
   one of them is asking the environment and the other never does.

   locale.getpreferredencoding(False) still reports the boundary
   default, and it is the one call whose answer legitimately differs
   per machine -- which is exactly why it is not printed here.
