1. ONE LINE OF TEXT, TWO DIFFERENT COUNTS
   text        'café: 1€'
   characters  9 (with the newline)
   bytes       12  <- this is the number ls -l and wc -c report
   hex         63 61 66 c3 a9 3a 20 31 e2 82 ac 0a

2. WHERE EACH CHARACTER SITS IN THE BYTES
   'c'    U+0063  1 byte(s)  offset 0      63
   'a'    U+0061  1 byte(s)  offset 1      61
   'f'    U+0066  1 byte(s)  offset 2      66
   'é'    U+00E9  2 byte(s)  offset 3..4   c3 a9
   ':'    U+003A  1 byte(s)  offset 5      3a
   ' '    U+0020  1 byte(s)  offset 6      20
   '1'    U+0031  1 byte(s)  offset 7      31
   '€'    U+20AC  3 byte(s)  offset 8..10  e2 82 ac

3. THE NAMED-CHARACTER ROW, BY BOTH RULES
   byte  hex   GNU od -a   BSD od -a (UTF-8 locale)   what the byte really is
      0  63    c           c                        'c' (whole)
      1  61    a           a                        'a' (whole)
      2  66    f           f                        'f' (whole)
      3  c3    C           raw byte (terminal: ?)   'é' (byte 1 of 2)
      4  a9    )           raw byte (terminal: ?)   'é' (byte 2 of 2)
      5  3a    :           :                        ':' (whole)
      6  20    sp          sp                       ' ' (whole)
      7  31    1           1                        '1' (whole)
      8  e2    b           raw byte (terminal: ?)   '€' (byte 1 of 3)
      9  82    stx         hex number               '€' (byte 2 of 3)
     10  ac    ,           raw byte (terminal: ?)   '€' (byte 3 of 3)
     11  0a    nl          nl                       the newline

4. WHY ONE BYTE OF THE THREE-BYTE € PRINTS AS A NUMBER AND THE OTHERS DO NOT
   e2 -> U+00E2 printable  =>  BSD od prints the raw byte
   82 -> U+0082 a C1 CONTROL, not printable  =>  BSD od prints the hex number 82
   ac -> U+00AC printable  =>  BSD od prints the raw byte
   So in a dump of this file, exactly one of the three € bytes shows a number.
   That is a fact about isprint() and a locale. It is not a fact about the file.

5. THE SAME NINE CHARACTERS, RE-ENCODED (what iconv does)
   UTF-8              12 bytes  63 61 66 c3 a9 3a 20 31 e2 82 ac 0a
   UTF-16BE, no BOM   18 bytes  00 63 00 61 00 66 00 e9 00 3a 00 20 00 31 20 ac 00 0a
   UTF-16BE + BOM     20 bytes  fe ff 00 63 00 61 00 66 00 e9 00 3a 00 20 00 31 20 ac 00 0a
   UTF-16LE + BOM     20 bytes  ff fe 63 00 61 00 66 00 e9 00 3a 00 20 00 31 00 ac 20 0a 00
   Mostly-ASCII text costs MORE in UTF-16, and gains bytes that are 00.

6. WHEN UTF-16 IS THE SMALLER FILE (no newline; the text goes last, so nothing
   has to align after a wide glyph)
   8 chars   UTF-8 11 bytes   UTF-16 16 bytes   UTF-8 wins    'café: 1€'
   3 chars   UTF-8  9 bytes   UTF-16  6 bytes   UTF-16 wins   '日本語'
   Neither encoding is 'smaller'. It depends entirely on the text.
