1. THE TWO COUNTS A DUMP CANNOT TELL APART
   text                "café: 1€\n"
   text.len()          12  <- BYTES, the ls -l number
   chars().count()     9  <- characters
   as_bytes() in hex   63 61 66 c3 a9 3a 20 31 e2 82 ac 0a 

2. WHERE EVERY CHARACTER STARTS — the offsets a dump makes you count by hand
   offset  0  c   U+0063  1 byte(s)  63 
   offset  1  a   U+0061  1 byte(s)  61 
   offset  2  f   U+0066  1 byte(s)  66 
   offset  3  é   U+00E9  2 byte(s)  c3 a9 
   offset  5  :   U+003A  1 byte(s)  3a 
   offset  6      U+0020  1 byte(s)  20 
   offset  7  1   U+0031  1 byte(s)  31 
   offset  8  €   U+20AC  3 byte(s)  e2 82 ac 
   offset 11  \n  U+000A  1 byte(s)  0a 

3. THE BYTES A DUMP SHOWS THAT ARE NOT CHARACTERS
   byte 9 of this file is 0x82. On its own it is not a character at all:
   char::from_u32(0x82) = Some('\u{82}') (a C1 control), and as a UTF-8 fragment
   it is only ever the middle of the €. Rust will not hand it to you as text:
   text.get(9..10) = None   <- None: that range splits a character
   text.get(8..11) = Some("€")    <- Some: the whole €

4. RE-ENCODED TO UTF-16, THE WAY iconv WOULD
   9 code units for 9 characters
   big-endian bytes    fe ff 00 63 00 61 00 66 00 e9 00 3a 00 20 00 31 20 ac 00 0a 
   2 bytes of BOM + 18 = 20 bytes, where UTF-8 needed 12

5. THE € CODE UNIT, AND WHY A BYTE TOOL CALLS ITS FIRST HALF A SPACE
   '€' is U+20AC, so its UTF-16 code unit is 0x20AC
   written big-endian that is the two bytes 20 ac
   and 0x20 is also the code point of ' ' — so od -a names it "sp"
   and xxd's text column draws a space. Half a character still looks like a byte.
