1. THREE NUMBERING SYSTEMS, ALL SPELLED 'CODE PAGE N'
------------------------------------------------------------------------
   SAP numbers its tables, IBM numbers its CCSIDs, and Microsoft
   numbers its Windows code pages. The three schemes are unrelated,
   and Python's codec names follow IBM and Microsoft:

      codecs.lookup('cp1100')     LookupError -- no such codec
      codecs.lookup('cp1160')     LookupError -- no such codec
      codecs.lookup('cp4110')     LookupError -- no such codec
      codecs.lookup('cp037')      resolves
      codecs.lookup('cp1140')     resolves
      codecs.lookup('cp1252')     resolves

   So SAP's numbers are not typeable into Python at all: cp1100 is
   not a codec, while cp1252 and cp1140 are -- and cp1140 is IBM's
   EBCDIC, nothing to do with any SAP number that looks like it.
   You need a mapping, and it has to come from the system.

   A starting point, TO BE VERIFIED against your own system's
   code-page table before you rely on any row:

      SAP    Python codec   what it is
      1100   latin-1        ISO-8859-1, western European
      1160   cp1252         Windows-1252
      1401   iso8859-2      ISO-8859-2, central European
      4110   utf-8          UTF-8
      4102   utf-16-be      UTF-16, big-endian
      4103   utf-16-le      UTF-16, little-endian

   The middle column IS checked: all 6 of the 6 codecs named
   above resolve in this Python. The left column is not, and cannot
   be -- nothing on this machine knows what SAP calls its tables, so
   those numbers are the one thing on this page you have to go and
   look up yourself.

2. EBCDIC: THE ALPHABET IS IN THREE PIECES
------------------------------------------------------------------------
   ASCII puts A-Z in one unbroken run, which is why 'c >= "a" and
   c <= "z"' is a letter test in every language that grew up on it.
   EBCDIC does not:

      lowercase:
         a-i   0x81-0x89   9 letters
         j-r   0x91-0x99   9 letters
         s-z   0xA2-0xA9   8 letters
      uppercase:
         A-I   0xC1-0xC9   9 letters
         J-R   0xD1-0xD9   9 letters
         S-Z   0xE2-0xE9   8 letters

      a is 0x81 and z is 0xA9, so the range spans 41 byte
      values to hold 26 letters. 15 of them are not letters.

   The three runs are 9, 9 and 8 long, and they line up with the
   three zone punches of the 80-column card EBCDIC inherited from.
   The gaps are where the card had nothing to encode.

3. WHAT THE GAPS ACTUALLY BREAK
------------------------------------------------------------------------
   (a) the range test, which quietly admits punctuation:
       characters that pass 'between a and z' but are not letters:
          « » ð ý þ ± ° ª º æ ¸ Æ ¤ µ ~

   (b) sort order, which is not a rearrangement of the ASCII one:
       by ascii  bytes: ['9lives', 'Apple', 'Zebra', 'apple']
       by cp037  bytes: ['apple', 'Apple', 'Zebra', '9lives']

       ASCII sorts digits, then capitals, then small letters.
       EBCDIC sorts small letters, then capitals, then digits --
       the reverse grouping, so a report sorted on the mainframe and
       the same report sorted after transfer do not agree, and
       neither is broken.

4. THE EURO TWINS: ONE BYTE APART
------------------------------------------------------------------------
   When the euro arrived, IBM did not extend the EBCDIC tables --
   it published a second number for each one, differing in a single
   position. Python ships exactly one of those pairs:

      cp037   / cp1140  1 byte differs: 0x9F '¤' -> '€'
      cp273   / cp1141  not comparable: cp1141 not in this Python
      cp277   / cp1142  not comparable: cp277, cp1142 not in this Python
      cp278   / cp1143  not comparable: cp278, cp1143 not in this Python
      cp280   / cp1144  not comparable: cp280, cp1144 not in this Python
      cp284   / cp1145  not comparable: cp284, cp1145 not in this Python
      cp285   / cp1146  not comparable: cp285, cp1146 not in this Python
      cp297   / cp1147  not comparable: cp297, cp1147 not in this Python
      cp500   / cp1148  not comparable: cp1148 not in this Python
      cp871   / cp1149  not comparable: cp871, cp1149 not in this Python

   One byte. 0x9F was the international currency sign in cp037 and
   is the euro sign in cp1140, and everything else is identical --
   so a file converted under the wrong one of the pair is correct in
   every position except the currency symbol, which is the same
   shape of bug as Windows-1252 against Latin-1, on a different
   continent of computing.

   Note what this program could NOT check: 9 of the 10 pairs.
   Those CCSIDs are real and documented by IBM; they are simply not
   in Python's standard library, so nothing here can confirm what
   they contain. That is the difference between a number this page
   measured and a number this page repeated -- the same difference as
   the SAP column in section 1.

5. TWO EBCDIC VARIANTS THAT AGREE ON EVERY LETTER AND DIGIT
------------------------------------------------------------------------
   cp037 (US/Canada) against cp500 (International): 7 bytes differ

      byte   cp037    cp500
      0x4A   '¢'      '['
      0x4F   '|'      '!'
      0x5A   '!'      ']'
      0x5F   '¬'      '^'
      0xB0   '^'      '¢'
      0xBA   '['      '¬'
      0xBB   ']'      '|'

   every letter and digit encodes identically in both: True

   The seven that move are brackets, the exclamation mark, the pipe,
   the caret, the cent sign and the not sign -- which is to say, the
   characters that are SYNTAX. Names and amounts survive the wrong
   choice; a JSON payload, a shell script or an ABAP field symbol
   does not. Same lesson as 1252 against Latin-1: the tables agree
   about the text and disagree about the punctuation.

6. REPRODUCING AN INTERFACE'S MOJIBAKE, OUTSIDE THE SYSTEM
------------------------------------------------------------------------
   The point of the mapping in section 1: once you know which table
   each end used, the damage is reproducible in four lines here, and
   you can show it to somebody without a logon.

   the field                 'Zażółć'
   written as UTF-8          5a 61 c5 bc c3 b3 c5 82 c4 87
   read back as Latin-1      'Za\xc5\xbc\xc3\xb3\xc5\x82\xc4\x87'

   That is one line of Python standing in for a file written under
   one code page and read under another. Reproduce it before you
   argue about it: the reproduction is the evidence, and it is the
   same evidence whichever system turns out to be misconfigured.

   And check every number in it against the system. Nothing in this
   file knows your landscape -- a table name printed here is a
   hypothesis about a configuration somebody else controls.
