1. SEVEN FILES. COUNT THEM THREE WAYS AND GET THREE ANSWERS
   ls files | wc -l                              : 8
   find files -type f | wc -l                    : 8
   find files -type f -print0 | tr -dc "\\0" | wc -c : 7
   Eight, eight, seven. One of the names contains a newline, so any count
   of LINES is a count of the wrong thing. Only the NUL-separated form
   answers 'how many files', because NUL is the one byte a filename
   cannot contain.

2. THE DEFAULT SEPARATOR IS WHITESPACE, NOT NEWLINE
$ printf "with space.txt\n" | xargs -n99 echo COUNT:
COUNT: with space.txt
$ printf "with space.txt\n" | xargs -n1 echo ARG:
ARG: with
ARG: space.txt
   One filename went in and TWO arguments came out. xargs splits on
   spaces and tabs as well as newlines, so 'with space.txt' is 'with' and
   'space.txt' — two files that do not exist.

3. AND THE QUOTE CHARACTERS ARE SPECIAL
$ printf "O%sBrien.txt\\n" "'" | xargs echo
   (refused — exit 1)
   An apostrophe in a filename is enough. No spaces, no newline, nothing
   exotic — xargs processes ' and " and backslash as quoting before it
   hands anything over, so a perfectly ordinary Irish surname stops the
   pipeline. Both xargs refuse; they word it differently, so only the
   status is shown here. GNU's message names the fix, BSD's does not.

4. -print0 AND -0: THE PAIR THAT TURNS ALL OF IT OFF
$ find files -type f -print0 | xargs -0 -n1 echo FILE: | wc -l
8
   Eight lines for seven files, and this time that is honest: echo is
   printing a name that genuinely contains a newline. With -0 there is no
   splitting on spaces, no quote processing and no escape processing —
   the only separator is the one byte that cannot appear in a name.

5. THE SIZE LIMIT IS COUNTED IN BYTES, SO THE ENCODING DECIDES
   THE NUMBER OF BATCHES
   Two directories, ten files each, every name SEVEN CHARACTERS long:
     ascii/aaaaa01   bytes: 7
     accent/ééééé01  bytes: 12
   ascii  at -s 200 : 1
   accent at -s 200 : 2
   batch(es). Same number of files, same number of characters in every
   name, and the accented directory needs more runs — because -s is a
   BYTE budget and é costs two. How many times your command runs is a
   function of how your filenames are spelled.

6. WHY THE BATCH COUNT IS NOT A DETAIL
   xargs runs the command once PER BATCH. That is invisible for rm and
   chmod, and it is a bug for anything that starts fresh each time:
     find . -print0 | xargs -0 tar -cf out.tar      <- batch 2 OVERWRITES
     find . -print0 | xargs -0 sort > sorted        <- sorted per batch
   Neither reports anything. The archive is simply short, and whether it
   is short depends on whether the filenames were ASCII.
   The fix is not a bigger -s. It is to hand the LIST to a command that
   reads a list, instead of expanding it onto a command line:
     find . -print0 | tar --null -cf out.tar -T -
   -T - reads names from stdin and --null says they are NUL-separated, so
   there is one tar, no batching, and no separator to get wrong. Verified
   on bsdtar 3.5.3 and GNU tar 1.35.
