1. THREE STRINGS, AND THE TWO COUNTS THAT DISAGREE
   noodles  noodles    len() = 7  bytes    chars().count() = 7 chars
   oodles   oodles     len() = 6  bytes    chars().count() = 6 chars
   poodles  ಠ_ಠ        len() = 7  bytes    chars().count() = 3 chars
   noodles and poodles report the SAME len(). One is 7 characters, the other is 3.

2. len() IS A BYTE COUNT, AND HERE ARE THE BYTES
   noodles  6E 6F 6F 64 6C 65 73
   poodles  E0 B2 A0 5F E0 B2 A0
   'ಠ' is U+0CA0, and UTF-8 spends three bytes on it. 3 + 1 + 3 = 7.

3. THE PROMISE, MADE VISIBLE AS THREE CONVERSIONS
   as_bytes()   -> &[u8]     borrow them:  7 bytes, still promised
   into_bytes() -> Vec<u8>   own them:     7 bytes, promise dropped with the String
   from_utf8()  -> Result    make the promise again — the only direction that can FAIL,
                             because it is the only one that has to CHECK.

4. SO from_utf8 IS WHERE THE PROMISE IS KEPT
   from_utf8(7 bytes) -> Ok("ಠ_ಠ")
   from_utf8(6 bytes) -> Err: incomplete utf-8 byte sequence from index 4
   valid_up_to() = 4  — the first 4 bytes are fine; the cut character is not

5. &str IS TO String WHAT &[u8] IS TO Vec<u8>
   String  owns its bytes and can grow      &str    borrows a run of them
   Vec<u8> owns its bytes and can grow      &[u8]   borrows a run of them
   The difference between the two rows is the promise, and nothing else.
   oodles borrows bytes 1..7 of noodles: "oodles"  (no copy was made)

6. b"..." IS BYTES WITH NO PROMISE, SO IT HAS NO CHARACTERS
   b"noodles" is &[u8; 7]  first byte = 110
   It has .len() and .iter(), but no .chars() — nothing has promised these bytes are text.

7. TWO THINGS THE COMPILER REFUSES, AND WHY
   s[0]        `String` cannot be indexed by a number: byte 0 of 'ಠ_ಠ' is E0, which is not a character.
   &s[0..2]    compiles, then PANICS at run time: byte 2 is inside 'ಠ'. Slicing is by byte, and the
               promise is checked at the cut — see the `Slicing by byte` lesson.
