THE FILE, ONE BYTE AT A TIME
   636166650a

hexdump WITH NO FLAGS
   0000000 6163 6566 000a                         
   0000005
   Read the first group: 6163. The file starts 63 61. The two bytes came
   out SWAPPED -- and so did every other pair.

WHY
   The default is -x, which reads the file two bytes at a time as a
   16-BIT NUMBER and prints that number. On a little-endian machine the
   low byte is stored first, so the number made from 63 61 is 0x6163.
   Nothing is wrong: hexdump printed the integer correctly. It is just
   not showing you the file.

THE FLAGS THAT DO SHOW YOU THE FILE
   hexdump -C f
      00000000  63 61 66 65 0a                                    |cafe.|
      00000005
   hexdump -e is the same idea written out -- the letter flags are canned
   format strings, and you can type your own:
      63 61 66 65 0a                                 

THE POINT, WHICH IS BIGGER THAN ONE TOOL
   A dump that groups bytes into a WIDTH has made a claim about what the
   data's unit is -- and if the claim is wrong, the tool will reorder your
   bytes to keep it true. hexdump's default claims 16-bit integers; xxd's
   default claims nothing and never reorders.

   That is the whole reason this library reaches for xxd or hexdump -C in
   a bug report. A bare hexdump is a picture of your CPU's opinion, and
   on a big-endian machine the same command would print the bytes in file
   order -- so the output is not even reproducible across hardware.
