1. printf IS THE ODOMETER. seq TURNS IT

$ seq 13 18 | while read -r n; do printf '%3d = %2X\n' "$n" "$n"; done
 13 =  D
 14 =  E
 15 =  F
 16 = 10
 17 = 11
 18 = 12
   D, E, F, then 10 -- and the decimal column is there to say that 10 is sixteen.

2. THE THREE PLACES A BYTE CARRIES, AND WHAT EACH ONE MEANS
   0F + 1 = 10   ( 15 ->  16)   0000 1111 -> 0001 0000
   7F + 1 = 80   (127 -> 128)   0111 1111 -> 1000 0000
   FF + 1 = 100  (255 -> 256)   1111 1111 -> 1 0000 0000   <- a NINTH bit, and a byte has eight
   0F -> 10   the low nibble is full, so the high one goes up: the second hex digit changes
   7F -> 80   the top bit turns on -- that is where ASCII stops and chapter 2 starts
   FF -> 100  every wheel in the byte is full, and the carry needs a column the byte does not have

3. THE SHELL DOES NOT STOP AT FF -- BUT IT DOES STOP

$ printf '%X\n' $(( 0xFF + 1 ))                 # not a byte, so nothing wrapped
100

$ printf '%d\n' $(( 0x7FFFFFFFFFFFFFFF + 1 ))   # 63 bits and a sign bit: bash uses a signed 64-bit integer
-9223372036854775808
   So the shell has a width too; it is just wide enough that you rarely meet it, and signed,
   so the wheel past the end lands on the most negative number rather than on zero.

4. ARITHMETIC IS DECIMAL. THE BASE IS A DISPLAY CHOICE, MADE TWICE

$ echo $(( 0x19 + 1 ))            # hex in, decimal out -- and 19 + 1 is not 20
26

$ printf '%X\n' $(( 0x19 + 1 ))   # ask for the answer back in hex, and there it is
1A

$ echo $(( 16#FF ))  $(( 2#11111111 ))  $(( 8#377 ))  255
255 255 255 255
   Four spellings, one number. $(( )) always answers in decimal; printf picks the spelling.
