
1. WHAT IS ON DISK, AND WHAT THE READER MADE OF IT
------------------------------------------------------------------------

   on disk, written by a program that got it right:
     00000000: 6361 66c3 a9                             caf..

   what a reader using the wrong table then produced:
     00000000: 6361 66c3 83c2 a9                        caf....

   Both are real files. The first is café. The second is what you get
   when the first is read as Latin-1 and written back out as UTF-8 --
   and it is the second one that arrives in the bug report.

2. EACH LAYER MAKES THE FILE LONGER
------------------------------------------------------------------------

   0 layer(s): 636166c3a9                               5 bytes
   1 layer(s): 636166c383c2a9                           7 bytes
   2 layer(s): 636166c383c283c382c2a9                   11 bytes
   3 layer(s): 636166c383c283c382c283c383c282c382c2a9   19 bytes

   Five bytes, seven, eleven, nineteen. A field that keeps overflowing
   its column every time the file is copied is this, on every hop.

3. THE REPAIR IS THE INVERSE -- AND ONE STEP TOO FAR
------------------------------------------------------------------------

   found:      636166c383c283c382c2a9   (2 layers)
   repair 1:   636166c383c2a9           iconv exit 0
   repair 2:   636166c3a9               iconv exit 0
   repair 3:   636166e9                 iconv exit 0
   repair 4:   (refused)                iconv exit 1

   Read that carefully: repair 2 got the original five bytes back, and
   repair 3 SUCCEEDED anyway -- turning a correct UTF-8 file into a
   correct Latin-1 one. iconv does not stop where you want it to,
   because -t ISO-8859-1 works on any text Latin-1 can hold.
   The Python loop on this page does stop, and only because its repair
   ENDS in a UTF-8 decode, which the four bytes 63 61 66 e9 fail.
   So: count the layers first. "Repair until it errors" is a Python
   trick and it does not transfer to the command line.

4. THE TWO BYTE PATTERNS, AND WHO TO GO AND TALK TO
------------------------------------------------------------------------

   c3 a9  in the file  ->  the file IS UTF-8. The bytes are right and the
                           READER was told the wrong table. Fix the reader.
     00000000: 6361 66c3 a9                             caf..

   e9     in the file  ->  the file is Latin-1 (or 1252, or 1250...). The
                           WRITER used a different table. Fix the writer,
                           or tell the reader the truth.
     00000000: 6361 66e9                                caf.

   That is the whole diagnosis, and it takes one xxd. Neither dump is
   damaged -- and neither one knows which of them was intended.
