1. FIVE ANSWERS, AND ONLY TWO OF THEM ARE EVIDENCE
   ascii.txt          us-ascii       48 65 6c 6c 6f 2c 20 70
   utf8.txt           utf-8          63 61 66 c3 a9 20 e2 82
   utf8_bom.txt       utf-8          ef bb bf 63 61 66 c3 a9
   latin1.txt         iso-8859-1     63 61 66 e9 20 a4 20 31
   cp1252.txt         unknown-8bit   61 80 62 0a
   utf16le_bom.txt    utf-16le       ff fe 63 00 61 00 66 00
   utf16le_nobom.txt  binary         63 00 61 00 66 00 e9 00
   blob.bin           binary         00 01 02 ff fe 7f 00
   empty.txt          binary         
   us-ascii and utf-8 are inferences from the bytes. iso-8859-1 is a
   proof of a NEGATIVE — not valid UTF-8, so some 8-bit table, and file
   does not pretend to know which. unknown-8bit is a weaker negative
   still: 8-bit, and not even a plausible ISO-8859 one. binary is a
   surrender, and the two utf-16 rows are the only lines here that rest
   on something written IN the file.

2. WHY A PURE-ASCII FILE IS EVERY ENCODING AT ONCE
   read as US-ASCII     -> 48 65 6c 6c 6f 2c 20 70 6c 61 69 6e 20 41 53 43 49 49 2e 0a
   read as ISO-8859-1   -> 48 65 6c 6c 6f 2c 20 70 6c 61 69 6e 20 41 53 43 49 49 2e 0a
   read as ISO-8859-2   -> 48 65 6c 6c 6f 2c 20 70 6c 61 69 6e 20 41 53 43 49 49 2e 0a
   read as CP1252       -> 48 65 6c 6c 6f 2c 20 70 6c 61 69 6e 20 41 53 43 49 49 2e 0a
   read as CP850        -> 48 65 6c 6c 6f 2c 20 70 6c 61 69 6e 20 41 53 43 49 49 2e 0a
   Five tables, five identical answers. Below 0x80 they agree by
   construction, so there is no experiment that could tell them apart
   on this file. 'us-ascii' is not file being cautious — it is the
   strongest true statement available: every byte is under 128.

3. THE WHOLE VERDICT TURNS ON ONE BYTE
   one.txt        63 61 66 c3 a9 0a    utf-8
   two.txt        63 61 66 e9 0a       iso-8859-1
   three.txt      63 61 66 65 0a       us-ascii
   Same word, three spellings. c3 a9 is a legal UTF-8 pair, so file
   validates it and says utf-8. e9 alone cannot start a UTF-8 sequence,
   so file falls through to 'it has a high byte and is not UTF-8'. That
   is the entire UTF-8-versus-Latin-1 decision: a validity check with a
   fallback, not a table lookup and not statistics.

4. A BOM IS A FACT — WITH TWO ASTERISKS
   UTF-8 BOM, then invalid bytes  ef bb bf e9 e9 e9 0a     iso-8859-1
   ff fe, then A B in UTF-16LE    ff fe 41 00 42 00        utf-16le
   ff fe, then two zero bytes     ff fe 00 00 41 00 00 00  utf-32le
   First asterisk: a UTF-8 BOM does not settle it. file read the body,
   found bytes that are not UTF-8, and reported iso-8859-1 anyway — the
   mark is evidence about intent, not a licence to skip the check.
   Second asterisk: ff fe IS the UTF-16LE mark and ALSO the first half
   of the UTF-32LE one. Two more zero bytes and the same prefix means a
   different encoding, so 'the BOM is a fact' is a fact about four
   bytes, not two.

5. FILE DOES NOT READ YOUR FILE — IT READS THE FIRST 64 KIB OF IT
    65534 bytes of ASCII, then c3 a9 -> utf-8
    65535 bytes of ASCII, then c3 a9 -> iso-8859-1
    65536 bytes of ASCII, then c3 a9 -> us-ascii
   Three files that differ only in padding, and three different answers.
   At 65534 both bytes of the e-acute fall inside the window and file
   says utf-8. At 65535 the window ends BETWEEN them: file sees a c3
   with nothing after it, which is not valid UTF-8, and reports
   iso-8859-1 for a file that is perfectly good UTF-8. At 65536 the
   character is outside the window entirely and the file reads as pure
   ASCII. The verdict is about a prefix, and the file is not the prefix.
