1. TWO STRINGS, ONE CHARACTER, ONE BYTE APART
   no_nl    c5 bc         2 bytes
   with_nl  c5 bc 0a      3 bytes
   len() is bytes, always — the letter is two of them.

2. lines() CANNOT SEE THE DIFFERENCE
   "ż"     .lines() -> ["ż"]
   "ż\n"   .lines() -> ["ż"]
   Identical, and the docs say so: the final line ending is optional.
   lines() also strips a \r before the \n, so it reads CRLF files too.

3. split('\n') CAN
   "ż"     .split() -> ["ż"]
   "ż\n"   .split() -> ["ż", ""]
   The trailing newline opens an empty last field. Same split as Python's.

4. THE TEST TO WRITE
   no_nl    ends_with('\n') -> false  lines().count() -> 1
   with_nl  ends_with('\n') -> true   lines().count() -> 1
   Ask the bytes. Both strings have one line.

5. WRITING IT
   println!(..)  adds it
   print!(..)    does not — and Rust wraps stdout in a LineWriter, so
                 the flush happens ON the newline. Text from a bare
                 print! sits in the buffer looking like nothing ran.
   This does NOT depend on being a terminal, which is the part worth
   knowing: C and Python switch to block buffering when stdout is a
   pipe, and lose a completed line if they die unflushed. Rust line-
   buffers either way. The page has the measurement.
   this line was printed with print! and an explicit \n

6. WHICH CHARACTERS END A LINE — AND WHY THIS IS NOT splitlines()
   LF     000a      lines() -> 2 line(s)
   CRLF   000d000a  lines() -> 2 line(s)
   CR     000d      lines() -> 1 line(s)   (not a break)
   VT     000b      lines() -> 1 line(s)   (not a break)
   FF     000c      lines() -> 1 line(s)   (not a break)
   FS     001c      lines() -> 1 line(s)   (not a break)
   NEL    0085      lines() -> 1 line(s)   (not a break)
   LS     2028      lines() -> 1 line(s)   (not a break)
   PS     2029      lines() -> 1 line(s)   (not a break)
   Only LF ends a line, with an optional CR allowed in front of it.
   Python's splitlines() breaks on ALL NINE of these. So lines() and
   splitlines() are not the same reading: they agree on LF and CRLF
   and part company on the other seven: four ASCII control codes
   (CR, VT, FF, FS) and three that are not ASCII at all (NEL, LS, PS).
