
1. ONE FORM, ONE TO SIX DIGITS
------------------------------------------------------------------------
   '\u{20ac}'   '\u{20AC}'   '\u{020ac}'   '\u{0020ac}'
   all the same char: true
   and that char is: '€'   U+20AC

   Hex digits are case-insensitive and leading zeros are free,
   because the closing brace is what ends the escape. Python
   spells the same character \u20ac and counts the digits.

2. WHAT GOES IN THE BRACES IS A SCALAR VALUE
------------------------------------------------------------------------
   The escape does not take 'a number'. It takes a Unicode
   SCALAR VALUE, which is every code point except the 2,048
   surrogates -- exactly what a `char` is allowed to hold.

   U+000041  char::from_u32 -> Some   UTF-8 bytes 1   'A'
   U+0020AC  char::from_u32 -> Some   UTF-8 bytes 3   '€'
   U+01F600  char::from_u32 -> Some   UTF-8 bytes 4   '😀'
   U+10FFFF  char::from_u32 -> Some   UTF-8 bytes 4   '\u{10ffff}'
   U+00D800  char::from_u32 -> None   not a scalar value
   U+110000  char::from_u32 -> None   not a scalar value

   The last two are the two ways to be outside the range: a
   surrogate, which belongs to UTF-16's machinery and is not a
   character, and a number above the top of Unicode. Written as
   escapes, `\u{D800}` and `\u{110000}` do not compile at all --
   the page quotes what rustc says. char::from_u32 is the same
   check moved to run time, which is why it returns an Option.

3. THREE ESCAPERS THAT DISAGREE ON PURPOSE
------------------------------------------------------------------------
   code point  escape_       escape_       escape_
               unicode()     default()     debug()
   U+0041      \u{41}        A             A
   U+00E9      \u{e9}        \u{e9}        é
   U+20AC      \u{20ac}      \u{20ac}      €
   U+1F600     \u{1f600}     \u{1f600}     😀
   U+000A      \u{a}         \n            \n
   U+202E      \u{202e}      \u{202e}      \u{202e}

   Read the three columns as three different answers to 'who is
   going to read this?'. escape_unicode() escapes everything, so
   its output is pure ASCII and survives any channel. Nobody can
   read it. escape_default() keeps ASCII and escapes the rest --
   the old, safe, unfriendly choice. escape_debug() escapes only
   what would not draw, so an accented letter, a currency sign
   and an emoji all come through as themselves.

4. {:?} IS escape_debug, AND PYTHON'S repr() AGREES WITH IT
------------------------------------------------------------------------
   {}    café € ಠ
   {:?}  "café € ಠ"

   a string with an invisible character in it, Debug-printed:
   "admin\u{202e} user"

   Eleven characters, and Debug printed ten of them as themselves
   and one as an escape. Python's repr() makes the same split on
   the same string, by asking str.isprintable(); Rust asks its own
   printability table. Two standard libraries, no shared code, one
   rule: a character that draws something is printed as itself, and
   a character that draws nothing is printed as an escape.

   Display ({}) does NOT do this. Printing that string with {}
   would reorder the rest of the line, which is why this program
   does not do it.

5. ONE ESCAPE, THREE LENGTHS
------------------------------------------------------------------------
   escape     chars  bytes  utf-16   plane   as itself
   \u{41}         1      1       1       0   A
   \u{E9}         1      2       1       0   é
   \u{20AC}       1      3       1       0   €
   \u{CA0}        1      3       1       0   ಠ
   \u{1F600}      1      4       2       1   😀

   One escape is always one `char`. It is one to four bytes in
   UTF-8, and one OR TWO units in UTF-16 -- and the last column
   says why. Unicode is cut into 17 planes of 65,536 code points.
   Plane 0 is the Basic Multilingual Plane, the BMP, and it holds
   everything up to U+FFFF; a character in it is one UTF-16 unit.
   Planes 1 to 16 are the supplementary planes, informally the
   ASTRAL planes, and a character there needs a surrogate PAIR --
   two UTF-16 units, which is why JSON, Java and JavaScript spell
   the emoji \uD83D\uDE00 and Rust spells it \u{1F600}.
