U+1F600  minus 0x10000 = 0x0f600 = 00001111011000000000  (20 bits)
   high ten bits 0000111101 + D800 -> U+D83D
   low  ten bits 1000000000 + DC00 -> U+DE00
   utf-16-be     d8 3d de 00  -- and there is the pair

THREE LENGTHS FOR ONE CHARACTER
   Python len()            1   Python counts CODE POINTS
   UTF-16 code units       2   what Java, JavaScript, C# and SAP count
   UTF-8 bytes             4   what a database column is measured in
   None of the three is wrong. They answer different questions, and a
   VARCHAR(1) that rejects this character is counting one of them.

THE 2,048 CODE POINTS THAT CAN NEVER BE CHARACTERS
   high surrogates U+D800..U+DBFF  1024 of them
   low  surrogates U+DC00..U+DFFF  1024 of them
   total 2048
   They are reserved so that a UTF-16 reader can tell a lone unit from
   half a pair, which means Unicode had to spend a block of its own
   number space on a property of ONE encoding. They are permanently
   unassigned, and a string containing one is not encodable in UTF-8.
   chr(0xD800).encode('utf-8') -> UnicodeEncodeError, exactly so

AND WHY UNICODE STOPS AT U+10FFFF
   the pair carries 10 + 10 = 20 bits, plus the 0x10000 offset
   0x10000 + 2**20 - 1 = 0X10FFFF
   That is not a round number and it is not a design goal: it is the
   largest value UTF-16 can express. The ceiling of the whole character
   set is a fact about a 1996 encoding, kept ever since so that the
   three UTF forms can encode exactly the same set.
