1. '\0' IS AN ORDINARY char, AND ORDINARY UTF-8
   char::from_u32(0)            = Some('\0')
   nul as u32                   = 0
   nul.len_utf8()               = 1   one byte, like any ASCII character
   str::from_utf8(&[0])         = Ok("\0")
   nul.is_control()             = true
   No validator on this page rejects it. Being valid is not the problem.

2. A str HOLDS IT WITHOUT COMPLAINT
   s = "ab\0cd"
   s.len()                      = 5   bytes
   s.chars().count()            = 5   characters
   s.split('\0')                = ["ab", "cd"]

3. THE BOUNDARIES WHERE RUST STOPS YOU
   CString::new(s)              -> Err, nul_position = 2
   File::open("a\0b")           -> Err, kind = InvalidInput
   Rust refuses at the door rather than hand C a string it will cut short.
   Python raises ValueError at the same two places, for the same reason.

4. READING A C STRING BACK OUT OF A BUFFER
   buffer -- 16 bytes of a fixed-width record field:
     6e 61 6d 65 2e 74 78 74 00 00 00 00 00 00 00 00
   CStr::from_bytes_until_nul   -> "name.txt", 8 bytes
   The padding is still in the buffer. The NUL is where the value ends.

5. NUL AS THE SEPARATOR
   split on b'\0'               -> ["holiday\nphotos.txt", "notes.txt"]
   Two names, and the first one contains a newline. That is what
   `find -print0` produces and what any -0 reader has to expect.
