
1. AN IDENTIFIER DOES NOT HAVE TO BE ASCII
------------------------------------------------------------------------
   żółw = 4   ->   4

   Legal since Python 3.0. The rule is Unicode's own, not Python's:
   a name starts with an XID_Start character and continues with
   XID_Continue, which is UAX #31 and is what most languages that
   allow this use. The boolean comes first below because a CJK
   character is two columns wide and would break the alignment:

      isidentifier() True   'żółw'
      isidentifier() True   'café'
      isidentifier() True   '日本語'
      isidentifier() True   '_x'
      isidentifier() True   'ﬁle'
      isidentifier() True   '𝑎'
      isidentifier() False  '2fast'
      isidentifier() False  'a-b'

2. AND PYTHON NORMALIZES IT BEFORE BINDING IT
------------------------------------------------------------------------
   typed '𝑎'        (U+1D44E)
      bound as ['a']
   typed 'ﬁle'      (U+FB01 U+006C U+0065)
      bound as ['file']
   typed 'Ⅰ'        (U+2160)
      bound as ['I']

   Nothing you typed is what the namespace holds. The compiler
   applies NFKC to every identifier, so a mathematical italic letter
   becomes an ordinary one and a ligature becomes two letters --
   which is NFKC -- normalization's aggressive form -- doing exactly
   what it says on the tin, in a place nobody expects to find it.

3. SO TWO SPELLINGS CAN BE ONE VARIABLE
------------------------------------------------------------------------
   exec("ﬁle = ...")  then  ns['file']  ->  'assigned through the ligature'

   exec("file = ...")  then  is 'ﬁle' a key?  False
                             ns['file'] ->  'reassigned through ASCII'

   One variable, two spellings, and the ligature spelling is not even
   a key. A reader who greps the file for `file` finds one of the two
   assignments; a reader who greps for the ligature finds the other.

4. AND THE LOOK-ALIKE IT DOES *NOT* MERGE
------------------------------------------------------------------------
   after binding both spellings of `a`:
      names in the namespace   ['a', 'а']
      how many                 2
      U+0061 LATIN SMALL LETTER A         -> 'latin'
      U+0430 CYRILLIC SMALL LETTER A      -> 'cyrillic'

   NFKC('а') == 'a'   False

   TWO variables, rendered identically, and Python said nothing at
   all. This is the same rule as the previous page: NFKC merges what
   Unicode declared COMPATIBILITY-equivalent -- ligatures, italic
   letters, Roman numerals -- and never merges two letters that are
   merely drawn alike, because they are different letters.

   Put sections 3 and 4 together and the shape is uncomfortable:
   normalization SURPRISES you where the characters are related, and
   ABANDONS you where they are not. The first costs you an afternoon
   of confusion; the second is the one that gets into a code review.

5. WHAT THIS MEANS FOR A DIFF
------------------------------------------------------------------------
   Two assignments that no reviewer can tell apart:

       total = compute()      # ASCII a
       tоtal = compute()      # U+043E CYRILLIC SMALL LETTER O

      'total'    U+0074 U+006F U+0074 U+0061 U+006C
      'tоtal'    U+0074 U+043E U+0074 U+0061 U+006C
      equal?   False

   Python will bind both, run both, and warn about neither. The
   defence is not a language feature here -- it is a linter, a
   pre-commit hook, or a rule that identifiers stay ASCII and the
   other languages live in the strings.

6. THE REPL SESSION THAT LOOKS LIKE A BROKEN INTERPRETER
------------------------------------------------------------------------
   Typed at a prompt, one line after another:

       >>> value = 3
       >>> value = 4          # the `a` here is U+0430, not U+0061
       >>> value
       3

   The second assignment did not overwrite the first, so reading the
   name back gives the value you set TWO lines ago. Nothing is wrong
   with the interpreter and nothing was shadowed: there are two names
   in the namespace and they are the same picture.

      names bound   ['value', 'vаlue']
      as code points
         U+0076 U+0061 U+006C U+0075 U+0065   -> 3
         U+0076 U+0430 U+006C U+0075 U+0065   -> 4

   And the one-line version of the same fact, which is the thing to
   reach for when a name will not resolve and the spelling looks
   right:

       >>> ord('a')
       97
       >>> ord('a')          # pasted from somewhere else
       1072

   97 is U+0061 LATIN SMALL LETTER A.
   1072 is U+0430 CYRILLIC SMALL LETTER A.
   ord() is the whole diagnosis, and it fits on one line.

7. AND THE CHARACTERS THAT CANNOT GET IN AT ALL
------------------------------------------------------------------------
   The letter that slips through is an ORDINARY, ASSIGNED, VISIBLE
   one. The reserved code points are refused at the door:

   code point  what it is                                   isidentifier()  exec
   U+0430      CYRILLIC SMALL LETTER A -- a real letter     True            bound
   U+00E9      LATIN SMALL LETTER E WITH ACUTE              True            bound
   U+E000      a private-use code point                     False           SyntaxError
   U+FFFE      a noncharacter                               False           SyntaxError
   U+0378      unassigned -- may be a letter one day        False           SyntaxError

   Python rejects the last three with the same message -- `invalid
   non-printable character` -- because none of them carries
   XID_Continue, and a code point with no properties cannot be part
   of a name. Which is the reassuring half and also the point: the
   dangerous character in an identifier is never the exotic one. It
   is a real letter from a real alphabet that happens to be drawn
   the same as yours.
