   ch  code pt   decimal  utf-8         html      cat name
   A  U+0041       65  41           &#65;  Lu  LATIN CAPITAL LETTER A
   é  U+00E9      233  c3 a9        &#233;  Ll  LATIN SMALL LETTER E WITH ACUTE
   ż  U+017C      380  c5 bc        &#380;  Ll  LATIN SMALL LETTER Z WITH DOT ABOVE
   Ж  U+0416     1046  d0 96        &#1046;  Lu  CYRILLIC CAPITAL LETTER ZHE
   😀  U+1F600   128512  f0 9f 98 80  &#128512;  So  GRINNING FACE

THE COLUMN THAT MATTERS IS THE LAST ONE
   Every dump on your machine answers 'how is this stored?'. xxd, od and
   hexdump all print the same bytes in different arrangements. None of
   them will tell you WHAT the character is, because none of them has
   the table -- and the name is the only identifier that is a standard
   rather than one project's shorthand.

SEARCH BY NAME, WHICH IS THE OTHER HALF
   LATIN SMALL LETTER Z WITH DOT ABOVE    -> ż  U+017C
   GRINNING FACE                          -> 😀  U+1F600
   ud.lookup is the reverse of ud.name, and it is exact: the name is a
   normative property, stable for the life of the code point, which is
   why it is safe to write in source and in a bug report.

THE FOUR NAMES A CHARACTER HAS, AND WHICH ONE TO USE
   the Unicode Name     LATIN SMALL LETTER E WITH ACUTE   -- normative
   the code point       U+00E9                            -- normative
   a compose sequence   <Compose> e '                     -- X11's table
   a Vim digraph        e'                                -- Vim's table
   The first two identify the character to any program. The last two
   are input methods, they disagree with each other, and neither is a
   name the character actually has.

WHEN uni IS NOT INSTALLED
   python3 -c "import unicodedata as u,sys;c=sys.argv[1];print(f'U+{ord(c):04X}',u.name(c))" é
   That is the row this key printed, and it needs nothing but Python.
