the bytes      63 61 66 e9
the str        'caf\udce9'   len 4

PART ONE -- NINE WAYS OUT

   encode('utf-8')                          UnicodeEncodeError
   encode('utf-8', 'surrogateescape')       4 bytes  63 61 66 e9                the bytes back
   encode('latin-1', 'surrogateescape')     4 bytes  63 61 66 e9                the bytes back
   encode('ascii', 'surrogateescape')       4 bytes  63 61 66 e9                the bytes back
   encode('utf-16-le', 'surrogateescape')   UnicodeEncodeError
   encode('utf-8', 'surrogatepass')         6 bytes  63 61 66 ed b3 a9          something else
   encode('utf-8', 'backslashreplace')      9 bytes  63 61 66 5c 75 64 63 65 39 something else
   encode('utf-8', 'replace')               4 bytes  63 61 66 3f                something else
   encode('utf-8', 'ignore')                3 bytes  63 61 66                   something else

   Three give the bytes back and they use three different codecs, which
   is the first answer: on the way OUT the handler does the work, not
   the codec. `ascii` cannot represent U+DCE9 and returns 0xE9 anyway.

   utf-16-le is the one that breaks the pattern, and PEP 383 says why in
   a sentence -- "encodings that are not compatible with ASCII are not
   supported by this specification". The escape is defined over bytes,
   and UTF-16's unit is two of them.

   Then the two that succeed and lie. `surrogatepass` writes SIX bytes,
   encoding the surrogate itself rather than putting the byte back, and
   `replace` writes FOUR -- the right length, the wrong file. 63 61 66
   3f is `caf?`, which is the same size as the answer, printable, and
   past any check that counts. `ignore` at least gets shorter.

PART TWO -- WHICH BYTES CAN THE ESCAPE CARRY?

   U+DC00  would be byte 0x00   -> UnicodeEncodeError
   U+DC2F  would be byte 0x2f   -> UnicodeEncodeError
   U+DC7F  would be byte 0x7f   -> UnicodeEncodeError
   U+DC80  would be byte 0x80   -> 80
   U+DCE9  would be byte 0xe9   -> e9
   U+DCFF  would be byte 0xff   -> ff

   The arithmetic is U+DC00 + byte, so the obvious guess is that all 256
   have a spelling. Half of them do not: the escape starts at DC80, and
   everything below is refused.

   Bytes under 128 are ASCII: they decode correctly, so they never need
   an escape, and giving them one would only build a way to smuggle
   them. Two of the refusals show what that would cost. Byte 0x2f is `/`
   and byte 0x00 is NUL -- the only two bytes a POSIX filename may not
   contain -- so a handler with a spelling for them would let a decoded
   name become a path the caller never wrote.

PART THREE -- WHERE DID THIS STR COME FROM?

   made by the handler   'caf\udce9'
   typed as a literal    'caf\udce9'
   parsed out of JSON    'caf\udce9'
   all three equal       True
   fsencode(the JSON one) == the original bytes   True

   One object, three provenances, no way to tell them apart -- a str
   keeps no record of which handler made it, and `==` was never going to
   say otherwise. That is the page's finding turned into the question a
   reviewer should ask: the last line is a byte reaching the kernel that
   appeared nowhere in the document it was parsed from.

   So the answer to "which of the three is safe" is none of them, and
   the question is the wrong one. What is safe is validating the name
   you parsed rather than the one you print.

PART FOUR -- ONE CHARACTER IN, THREE OUT, AND NOTHING RAISED

   start                                '\udce9'                   1 character
   .encode(utf-8, surrogatepass)        ed b3 a9                   3 bytes
   .decode(utf-8, surrogateescape)      '\udced\udcb3\udca9'       3 characters
   .encode(utf-8, surrogateescape)      ed b3 a9                   back to the same bytes: True

   Every step succeeded and the bytes still reverse, which is why this
   one is hard to catch: neither handler is wrong on its own. But they
   were asked opposite questions. `surrogatepass` wrote the surrogate
   AS a character, three bytes of UTF-8; `surrogateescape` read those
   three bytes as three undecodable bytes and escaped each one. Length
   1 became length 3, with no exception and no warning anywhere.

   The rule this leaves you with is the page's, stated as an operation
   rather than a fact: the handler is part of the format. Write down
   which one made the bytes, because the str will not remember, and
   `sys.getfilesystemencodeerrors()` only tells you which one the
   PLATFORM would have used.
