1. THERE IS NO CHARACTER TYPE TO ASK ABOUT
   s = 'café'
   s[3]        'é'   type = str   len = 1
   s[3][0]     'é'   type = str   len = 1
   Indexing a str gives a str of length 1, which indexes to itself, forever.
   Rust's char is a separate type with a separate size. Python's is a one-character
   string, so `size_of::<char>()` has no Python question to be the answer to.

2. WHAT PYTHON HAS INSTEAD, AND IT IS THE SAME NUMBER FROM THE OTHER END
   code pt      ord()   utf-8  bytes/char   glyph
   U+0041          65       1           1   A
   U+00E9         233       2           1   é
   U+20AC        8364       3           2   €
   U+1F600     128512       4           4   😀
   The last column is PEP 393: a str picks ONE width for all of its characters —
   1, 2 or 4 bytes — from its widest member. Rust spends 4 bytes on every char and
   1 to 4 inside a String; Python spends 1 to 4 per string and the same for every
   character in it. Same three widths, opposite thing held fixed.

3. SO ONE CHARACTER CAN QUADRUPLE A STRING
   'a' * 1000               len = 1000   1 byte/char    1000 bytes of text
   'a' * 999 + '\U0001F600' len = 1000   4 byte/char    4000 bytes of text
   Same length, 4x the text. ONE character forced the whole string up to
   4 bytes each — there is no mixed-width str. UTF-8 would have spent 1003 bytes
   on it; the in-memory form is not UTF-8 and was never trying to be.
   (Measured as a per-character difference. A bare sys.getsizeof would add a
   header whose size is a fact about this CPython build, not about the text.)

4. THE HOLE RUST LEAVES IN char, PYTHON DOES NOT LEAVE IN str
   chr(0x00D7FF)   len = 1   .encode('utf-8') -> ed 9f bf
   chr(0x00D800)   len = 1   .encode('utf-8') -> UnicodeEncodeError
   chr(0x00DFFF)   len = 1   .encode('utf-8') -> UnicodeEncodeError
   chr(0x00E000)   len = 1   .encode('utf-8') -> ee 80 80
   chr(0x10FFFF)   len = 1   .encode('utf-8') -> f4 8f bf bf
   Every one of those is a str Python will build, index, slice, sort and use as a
   dict key. Two of them cannot be encoded to UTF-8 at all — so the check Rust
   makes at char::from_u32 is one Python makes at .encode(), and only there.
   That gap is the room PEP 383's surrogateescape lives in.

5. AND NO INDEX INTO A PYTHON STRING IS EVER A BYTE INDEX
   s = 'café'
   len(s)              4   <- characters
   len(s.encode())     5   <- bytes; Rust's len() is THIS number
   s[3]                'é'
   s.encode()[3]       195   <- an int, and only half of the character
   Rust has char_indices() because its two counts are both needed. Python does not,
   because you can only ever have the first one — which is friendlier right up to
   the moment you have to write the byte offset into a fixed-width record.
