
PART ONE -- SIX ROUND TRIPS
------------------------------------------------------------------------

   1  'żółw'.encode('cp1250')                              round-trips
   2  'żółw'.encode('latin-1')                             UnicodeEncodeError
   3  'żółw'.encode('latin-1', 'replace')                  LOSES  -> '?ó?w'
   4  'żółw'.encode('latin-1', 'backslashreplace')         LOSES  -> '\\u017có\\u0142w'
   5  b'caf\xe9.txt'.decode('utf-8', 'surrogateescape')    round-trips
   6  b'caf\xe9.txt'.decode('latin-1')                     round-trips

   the word, as characters       U+017C U+00F3 U+0142 U+0077
   which of them latin-1 holds   nyny   (2 of 4)
   line 1 wrote                  bf f3 b3 77
   line 3 wrote                  3f f3 3f 77   = '?ó?w'
   line 4 wrote                  14 bytes: \u017có\u0142w
   line 5 held the byte as       U+DCE9
   line 6 held the byte as       U+00E9

   Only one of the six raises. Lines 3 and 4 lose the word and report
   nothing at all, and they lose it PARTLY, which is the shape this
   actually takes in a live system: latin-1 holds two of the four
   letters. It has an o-acute, so o survives; it has no z-dot and no
   l-stroke, so those two become question marks in line 3 -- and the
   result is still printable, still four characters long, and still
   half right. A field like that passes every length check you have.

   Line 4 keeps the information and stops being the word: fourteen
   characters where there were four, the two casualties spelled out as
   the escapes a person can read back and no program will match on.

   Lines 5 and 6 both round-trip, and that is the sting. The one
   nobody expects is 6: decoding unknown bytes as LATIN-1 preserves
   them perfectly, because latin-1 maps bytes 0..255 onto code points
   0..255 and back -- the identity map the Rust section is about. It
   is the oldest trick in this field and it is not the same as line 5.

   Line 5 says "this was a byte I could not read" in the code point
   itself, U+DCE9, which no encoder will accept by accident. Line 6
   says "this was e-acute", which is a claim, and a false one: nothing
   in the file said latin-1. Both give the bytes back; only one of
   them is still honest about what it does not know.

PART TWO -- WHICH OF THE SIX COULD A BROWSER DO?
------------------------------------------------------------------------

   Reading is not the question. TextDecoder handles cp1250 and
   latin-1 both, so the DECODE halves of lines 5 and 6 are fine.

   Every ENCODE in the list is impossible. Lines 1 to 4 all ask for
   bytes in a table that is not UTF-8, and TextEncoder emits UTF-8
   and nothing else -- so line 1, the only one of the six that both
   round-trips and stays honest about its encoding, is exactly the
   one a browser cannot perform.

   Which is the page in one line. The platform will read all forty
   tables and write one, so "we convert it in the front end" is a
   sentence that has to say which direction before it means anything.
