the string   'é'   draws as é
   code points 2   bytes 3   graphemes 1

1. WHAT THE DEFAULT ENGINE CANNOT DO
   re.match('.', s) matches 'e' -- one CODE POINT, the bare e
   There is no pattern in Python's re, and none in ripgrep's default
   engine, that means 'one grapheme cluster'. \X is the PCRE2 spelling
   and it is the single strongest reason to reach for -P: it is the only
   regex engine already on your machine that can match what a person
   would call one character.

2. THE OTHER THINGS -P BUYS
   \X                           one grapheme cluster -- the headline
   look-behind                  (?<=...) -- ripgrep's default engine has none at all
   backreferences               \1 inside the pattern
   \p{...} with more properties PCRE2 ships its own Unicode tables

3. WHAT IT COSTS, AND THIS IS THE PART THAT BITES
   The default engine is a finite automaton: linear time, no backtracking,
   and it REFUSES a pattern it cannot run in linear time -- with a
   paragraph of advice naming the flag that would help.
   PCRE2 backtracks. So the same pattern that was refused now runs, and
   on adversarial input it can take exponential time.

   The failure that matters is quieter than that, though. rg -P on a
   build without PCRE2 support, or on a pattern PCRE2 rejects, can
   match NOTHING and say NOTHING -- no error, no advice, exit 1, which
   is indistinguishable from 'the text is not there'. The default
   engine's refusal is loud; -P's is not.

4. AND IT IS A SECOND UNICODE IMPLEMENTATION
   PCRE2 has its own copy of the Unicode tables, on its own release
   schedule, separate from ripgrep's and from your Python's. So
   \p{Alphabetic} can legitimately disagree between rg and rg -P on the
   same machine in the same second, and neither is out of date.
   That is the same shape as every other 'whose table is this' problem
   in this library, one level further in.

THE RULE
   Reach for -P when you need \X or a look-behind, and know that you
   have swapped a linear engine that refuses for a backtracking one that
   might silently do nothing. Check that your rg has it:  rg --pcre2-version
